#-----------------------------------------------------------
# Vivado v2021.2 (64-bit)
# SW Build 3367213 on Tue Oct 19 02:48:09 MDT 2021
# IP Build 3369179 on Thu Oct 21 08:25:16 MDT 2021
# Start of session at: Mon Mar  7 20:25:37 2022
# Process ID: 17836
# Current directory: D:/2. rocnik 2. semester/DE1/cv/digital-electronics-1/labs_1/03-vivado/multiplexer
# Command line: vivado.exe -gui_launcher_event rodinguilauncherevent13044 D:\2. rocnik 2. semester\DE1\cv\digital-electronics-1\labs_1\03-vivado\multiplexer\multiplexer.xpr
# Log file: D:/2. rocnik 2. semester/DE1/cv/digital-electronics-1/labs_1/03-vivado/multiplexer/vivado.log
# Journal file: D:/2. rocnik 2. semester/DE1/cv/digital-electronics-1/labs_1/03-vivado/multiplexer\vivado.jou
# Running On: b04-1018a, OS: Windows, CPU Frequency: 2894 MHz, CPU Physical cores: 16, Host memory: 16505 MB
#-----------------------------------------------------------
start_gui
open_project {D:/2. rocnik 2. semester/DE1/cv/digital-electronics-1/labs_1/03-vivado/multiplexer/multiplexer.xpr}
upgrade_project -migrate_output_products
update_compile_order -fileset sources_1
launch_simulation
source tb_mux.tcl
create_wave_config; add_wave /; set_property needs_save false [current_wave_config]
add_bp {D:/2. rocnik 2. semester/DE1/cv/digital-electronics-1/labs_1/03-vivado/multiplexer/multiplexer.srcs/sim_1/new/tb_mux_3bit_4to1.vhd} 53
remove_bps -file {D:/2. rocnik 2. semester/DE1/cv/digital-electronics-1/labs_1/03-vivado/multiplexer/multiplexer.srcs/sim_1/new/tb_mux_3bit_4to1.vhd} -line 53
close_sim
